{"level":"info","time":"2026-06-22T22:35:59Z","message":"Thank you for trying Cloudflare Tunnel. Doing so, without a Cloudflare account, is a quick way to experiment and try it out. However, be aware that these account-less Tunnels have no uptime guarantee, are subject to the Cloudflare Online Services Terms of Use (https://www.cloudflare.com/website-terms/), and Cloudflare reserves the right to investigate your use of Tunnels for violations of such terms. If you intend to use Tunnels in production you should use a pre-created named tunnel by following: https://developers.cloudflare.com/cloudflare-one/connections/connect-apps"}
{"level":"info","time":"2026-06-22T22:35:59Z","message":"Requesting new quick Tunnel on trycloudflare.com..."}
{"level":"info","time":"2026-06-22T22:36:04Z","message":"+--------------------------------------------------------------------------------------------+"}
{"level":"info","time":"2026-06-22T22:36:04Z","message":"|  Your quick Tunnel has been created! Visit it at (it may take some time to be reachable):  |"}
{"level":"info","time":"2026-06-22T22:36:04Z","message":"|  https://albuquerque-sci-interview-productivity.trycloudflare.com                          |"}
{"level":"info","time":"2026-06-22T22:36:04Z","message":"+--------------------------------------------------------------------------------------------+"}
{"level":"info","time":"2026-06-22T22:36:04Z","message":"Cannot determine default configuration path. No file [config.yml config.yaml] in [~/.cloudflared ~/.cloudflare-warp ~/cloudflare-warp]"}
{"level":"info","time":"2026-06-22T22:36:04Z","message":"Version 2026.3.0 (Checksum 59b12880b24af581cf5b1013db601c7d843b9b097e9c78aa5957c7f39f741885)"}
{"level":"info","time":"2026-06-22T22:36:04Z","message":"GOOS: windows, GOVersion: go1.24.13, GoArch: amd64"}
{"level":"info","time":"2026-06-22T22:36:04Z","message":"Settings: map[ha-connections:1 logfile:C:\\Users\\amroe\\Downloads\\NovaAIS_Systems\\Trading\\Trading_assistant\\cloudflared.log protocol:quic url:http://localhost:8000]"}
{"level":"info","time":"2026-06-22T22:36:04Z","message":"cloudflared will not automatically update on Windows systems."}
{"level":"info","time":"2026-06-22T22:36:04Z","message":"Generated Connector ID: 4f4b04c3-b281-4621-b9da-6abe60497ba6"}
{"level":"info","time":"2026-06-22T22:36:04Z","message":"Initial protocol quic"}
{"level":"info","time":"2026-06-22T22:36:04Z","message":"ICMP proxy will use 10.40.134.14 as source for IPv4"}
{"level":"info","time":"2026-06-22T22:36:04Z","message":"ICMP proxy will use 2010:db0:3::a28:860e in zone redlink15989ul5 as source for IPv6"}
{"level":"info","time":"2026-06-22T22:36:04Z","message":"cloudflared does not support loading the system root certificate pool on Windows. Please use --origin-ca-pool <PATH> to specify the path to the certificate pool"}
{"level":"info","time":"2026-06-22T22:36:04Z","message":"ICMP proxy will use 10.40.134.14 as source for IPv4"}
{"level":"info","event":0,"ip":"198.41.200.13","connIndex":0,"time":"2026-06-22T22:36:04Z","message":"Tunnel connection curve preferences: [X25519MLKEM768 CurveP256]"}
{"level":"info","time":"2026-06-22T22:36:04Z","message":"ICMP proxy will use 2010:db0:3::a28:860e in zone redlink15989ul5 as source for IPv6"}
{"level":"info","time":"2026-06-22T22:36:04Z","message":"Starting metrics server on 127.0.0.1:20243/metrics"}
{"level":"info","event":0,"connection":"9e75a399-2b7e-4b01-b6b0-1366fceb53b8","connIndex":0,"location":"ams18","ip":"198.41.200.13","protocol":"quic","time":"2026-06-22T22:36:04Z","message":"Registered tunnel connection"}
{"level":"error","error":"lookup region1.v2.argotunnel.com: i/o timeout","time":"2026-06-22T22:36:09Z","message":"Failed to initialize DNS local resolver"}
{"level":"error","error":"lookup region1.v2.argotunnel.com: i/o timeout","time":"2026-06-22T22:41:14Z","message":"Failed to refresh DNS local resolver"}
{"level":"error","error":"lookup region1.v2.argotunnel.com: i/o timeout","time":"2026-06-22T22:46:19Z","message":"Failed to refresh DNS local resolver"}
{"level":"error","error":"lookup region1.v2.argotunnel.com: i/o timeout","time":"2026-06-22T22:51:24Z","message":"Failed to refresh DNS local resolver"}
{"level":"error","error":"lookup region1.v2.argotunnel.com: i/o timeout","time":"2026-06-22T22:56:29Z","message":"Failed to refresh DNS local resolver"}
{"level":"error","error":"lookup region1.v2.argotunnel.com: i/o timeout","time":"2026-06-22T23:01:34Z","message":"Failed to refresh DNS local resolver"}
{"level":"error","error":"lookup region1.v2.argotunnel.com: i/o timeout","time":"2026-06-22T23:06:39Z","message":"Failed to refresh DNS local resolver"}
{"level":"error","error":"lookup region1.v2.argotunnel.com: i/o timeout","time":"2026-06-22T23:11:44Z","message":"Failed to refresh DNS local resolver"}
{"level":"error","error":"lookup region1.v2.argotunnel.com: i/o timeout","time":"2026-06-22T23:16:49Z","message":"Failed to refresh DNS local resolver"}
{"level":"error","error":"lookup region1.v2.argotunnel.com: i/o timeout","time":"2026-06-22T23:21:54Z","message":"Failed to refresh DNS local resolver"}
{"level":"error","error":"lookup region1.v2.argotunnel.com: i/o timeout","time":"2026-06-22T23:26:59Z","message":"Failed to refresh DNS local resolver"}
{"level":"error","error":"lookup region1.v2.argotunnel.com: i/o timeout","time":"2026-06-22T23:32:04Z","message":"Failed to refresh DNS local resolver"}
{"level":"error","error":"lookup region1.v2.argotunnel.com: i/o timeout","time":"2026-06-22T23:37:09Z","message":"Failed to refresh DNS local resolver"}
{"level":"error","error":"lookup region1.v2.argotunnel.com: i/o timeout","time":"2026-06-22T23:42:14Z","message":"Failed to refresh DNS local resolver"}
{"level":"error","error":"lookup region1.v2.argotunnel.com: i/o timeout","time":"2026-06-22T23:47:19Z","message":"Failed to refresh DNS local resolver"}
{"level":"error","error":"lookup region1.v2.argotunnel.com: i/o timeout","time":"2026-06-22T23:52:24Z","message":"Failed to refresh DNS local resolver"}
{"level":"error","error":"lookup region1.v2.argotunnel.com: i/o timeout","time":"2026-06-22T23:57:29Z","message":"Failed to refresh DNS local resolver"}
{"level":"error","error":"lookup region1.v2.argotunnel.com: i/o timeout","time":"2026-06-23T00:02:34Z","message":"Failed to refresh DNS local resolver"}
{"level":"error","error":"lookup region1.v2.argotunnel.com: i/o timeout","time":"2026-06-23T00:07:39Z","message":"Failed to refresh DNS local resolver"}
{"level":"error","error":"lookup region1.v2.argotunnel.com: i/o timeout","time":"2026-06-23T00:12:44Z","message":"Failed to refresh DNS local resolver"}
{"level":"error","error":"lookup region1.v2.argotunnel.com: i/o timeout","time":"2026-06-23T00:17:49Z","message":"Failed to refresh DNS local resolver"}
{"level":"error","error":"lookup region1.v2.argotunnel.com: i/o timeout","time":"2026-06-23T00:22:54Z","message":"Failed to refresh DNS local resolver"}
{"level":"error","error":"lookup region1.v2.argotunnel.com: i/o timeout","time":"2026-06-23T00:27:59Z","message":"Failed to refresh DNS local resolver"}
{"level":"error","error":"lookup region1.v2.argotunnel.com: i/o timeout","time":"2026-06-23T00:33:03Z","message":"Failed to refresh DNS local resolver"}
{"level":"error","error":"lookup region1.v2.argotunnel.com: i/o timeout","time":"2026-06-23T00:38:08Z","message":"Failed to refresh DNS local resolver"}
{"level":"error","error":"lookup region1.v2.argotunnel.com: i/o timeout","time":"2026-06-23T00:43:13Z","message":"Failed to refresh DNS local resolver"}
{"level":"error","error":"lookup region1.v2.argotunnel.com: i/o timeout","time":"2026-06-23T00:48:18Z","message":"Failed to refresh DNS local resolver"}
{"level":"error","error":"lookup region1.v2.argotunnel.com: i/o timeout","time":"2026-06-23T00:53:23Z","message":"Failed to refresh DNS local resolver"}
{"level":"error","error":"lookup region1.v2.argotunnel.com: i/o timeout","time":"2026-06-23T00:58:28Z","message":"Failed to refresh DNS local resolver"}
{"level":"error","error":"lookup region1.v2.argotunnel.com: i/o timeout","time":"2026-06-23T01:03:33Z","message":"Failed to refresh DNS local resolver"}
{"level":"error","error":"lookup region1.v2.argotunnel.com: i/o timeout","time":"2026-06-23T01:08:38Z","message":"Failed to refresh DNS local resolver"}
{"level":"error","error":"lookup region1.v2.argotunnel.com: i/o timeout","time":"2026-06-23T01:13:43Z","message":"Failed to refresh DNS local resolver"}
{"level":"error","error":"lookup region1.v2.argotunnel.com: i/o timeout","time":"2026-06-23T01:18:48Z","message":"Failed to refresh DNS local resolver"}
{"level":"error","error":"lookup region1.v2.argotunnel.com: i/o timeout","time":"2026-06-23T01:23:53Z","message":"Failed to refresh DNS local resolver"}
{"level":"error","error":"lookup region1.v2.argotunnel.com: i/o timeout","time":"2026-06-23T01:28:58Z","message":"Failed to refresh DNS local resolver"}
{"level":"error","error":"lookup region1.v2.argotunnel.com: i/o timeout","time":"2026-06-23T01:34:03Z","message":"Failed to refresh DNS local resolver"}
{"level":"error","error":"lookup region1.v2.argotunnel.com: i/o timeout","time":"2026-06-23T01:39:08Z","message":"Failed to refresh DNS local resolver"}
{"level":"error","error":"lookup region1.v2.argotunnel.com: i/o timeout","time":"2026-06-23T01:44:13Z","message":"Failed to refresh DNS local resolver"}
{"level":"error","error":"lookup region1.v2.argotunnel.com: i/o timeout","time":"2026-06-23T01:49:18Z","message":"Failed to refresh DNS local resolver"}
{"level":"error","error":"lookup region1.v2.argotunnel.com: i/o timeout","time":"2026-06-23T01:54:23Z","message":"Failed to refresh DNS local resolver"}
{"level":"error","error":"lookup region1.v2.argotunnel.com: i/o timeout","time":"2026-06-23T01:59:28Z","message":"Failed to refresh DNS local resolver"}
{"level":"error","error":"lookup region1.v2.argotunnel.com: i/o timeout","time":"2026-06-23T02:04:33Z","message":"Failed to refresh DNS local resolver"}
{"level":"error","error":"lookup region1.v2.argotunnel.com: i/o timeout","time":"2026-06-23T02:09:38Z","message":"Failed to refresh DNS local resolver"}
{"level":"error","error":"lookup region1.v2.argotunnel.com: i/o timeout","time":"2026-06-23T02:14:43Z","message":"Failed to refresh DNS local resolver"}
{"level":"error","error":"lookup region1.v2.argotunnel.com: i/o timeout","time":"2026-06-23T02:19:48Z","message":"Failed to refresh DNS local resolver"}
{"level":"error","error":"lookup region1.v2.argotunnel.com: i/o timeout","time":"2026-06-23T02:24:53Z","message":"Failed to refresh DNS local resolver"}
{"level":"error","error":"lookup region1.v2.argotunnel.com: i/o timeout","time":"2026-06-23T02:29:58Z","message":"Failed to refresh DNS local resolver"}
{"level":"error","error":"lookup region1.v2.argotunnel.com: i/o timeout","time":"2026-06-23T02:35:03Z","message":"Failed to refresh DNS local resolver"}
{"level":"error","error":"lookup region1.v2.argotunnel.com: i/o timeout","time":"2026-06-23T02:40:08Z","message":"Failed to refresh DNS local resolver"}
{"level":"error","error":"lookup region1.v2.argotunnel.com: i/o timeout","time":"2026-06-23T02:45:13Z","message":"Failed to refresh DNS local resolver"}
{"level":"error","error":"lookup region1.v2.argotunnel.com: i/o timeout","time":"2026-06-23T02:50:18Z","message":"Failed to refresh DNS local resolver"}
{"level":"error","error":"lookup region1.v2.argotunnel.com: i/o timeout","time":"2026-06-23T02:55:23Z","message":"Failed to refresh DNS local resolver"}
{"level":"error","error":"lookup region1.v2.argotunnel.com: i/o timeout","time":"2026-06-23T03:00:28Z","message":"Failed to refresh DNS local resolver"}
{"level":"error","error":"lookup region1.v2.argotunnel.com: i/o timeout","time":"2026-06-23T03:05:33Z","message":"Failed to refresh DNS local resolver"}
{"level":"error","error":"lookup region1.v2.argotunnel.com: i/o timeout","time":"2026-06-23T03:10:38Z","message":"Failed to refresh DNS local resolver"}
{"level":"error","error":"lookup region1.v2.argotunnel.com: i/o timeout","time":"2026-06-23T03:15:43Z","message":"Failed to refresh DNS local resolver"}
{"level":"error","error":"lookup region1.v2.argotunnel.com: i/o timeout","time":"2026-06-23T03:20:48Z","message":"Failed to refresh DNS local resolver"}
{"level":"error","error":"lookup region1.v2.argotunnel.com: i/o timeout","time":"2026-06-23T03:25:53Z","message":"Failed to refresh DNS local resolver"}
{"level":"error","event":1,"connIndex":0,"originService":"http://localhost:8000","ingressRule":0,"error":"Unable to reach the origin service. The service may be down or it may not be responding to traffic from cloudflared: EOF","time":"2026-06-23T03:28:19Z"}
{"level":"error","event":0,"ip":"198.41.200.13","connIndex":0,"error":"Unable to reach the origin service. The service may be down or it may not be responding to traffic from cloudflared: EOF","type":"http","dest":"https://albuquerque-sci-interview-productivity.trycloudflare.com/api/v1/telegram/webhook","time":"2026-06-23T03:28:19Z","message":"Request failed"}
{"level":"error","event":1,"connIndex":0,"originService":"http://localhost:8000","ingressRule":0,"error":"Unable to reach the origin service. The service may be down or it may not be responding to traffic from cloudflared: EOF","time":"2026-06-23T03:28:19Z"}
{"level":"error","event":0,"ip":"198.41.200.13","connIndex":0,"error":"Unable to reach the origin service. The service may be down or it may not be responding to traffic from cloudflared: EOF","type":"http","dest":"https://albuquerque-sci-interview-productivity.trycloudflare.com/api/v1/telegram/webhook","time":"2026-06-23T03:28:19Z","message":"Request failed"}
{"level":"error","error":"lookup region1.v2.argotunnel.com: i/o timeout","time":"2026-06-23T03:30:58Z","message":"Failed to refresh DNS local resolver"}
{"level":"error","error":"lookup region1.v2.argotunnel.com: i/o timeout","time":"2026-06-23T03:36:03Z","message":"Failed to refresh DNS local resolver"}
{"level":"error","error":"lookup region1.v2.argotunnel.com: i/o timeout","time":"2026-06-23T03:41:08Z","message":"Failed to refresh DNS local resolver"}
{"level":"error","error":"lookup region1.v2.argotunnel.com: i/o timeout","time":"2026-06-23T03:46:13Z","message":"Failed to refresh DNS local resolver"}
{"level":"error","error":"lookup region1.v2.argotunnel.com: i/o timeout","time":"2026-06-23T03:51:18Z","message":"Failed to refresh DNS local resolver"}
{"level":"error","error":"lookup region1.v2.argotunnel.com: i/o timeout","time":"2026-06-23T03:56:23Z","message":"Failed to refresh DNS local resolver"}
{"level":"error","error":"lookup region1.v2.argotunnel.com: i/o timeout","time":"2026-06-23T04:01:28Z","message":"Failed to refresh DNS local resolver"}
{"level":"error","error":"lookup region1.v2.argotunnel.com: i/o timeout","time":"2026-06-23T04:06:33Z","message":"Failed to refresh DNS local resolver"}
{"level":"error","error":"lookup region1.v2.argotunnel.com: i/o timeout","time":"2026-06-23T04:11:38Z","message":"Failed to refresh DNS local resolver"}
{"level":"error","error":"lookup region1.v2.argotunnel.com: i/o timeout","time":"2026-06-23T04:16:43Z","message":"Failed to refresh DNS local resolver"}
{"level":"error","error":"lookup region1.v2.argotunnel.com: i/o timeout","time":"2026-06-23T04:21:48Z","message":"Failed to refresh DNS local resolver"}
{"level":"error","error":"lookup region1.v2.argotunnel.com: i/o timeout","time":"2026-06-23T04:26:53Z","message":"Failed to refresh DNS local resolver"}
{"level":"error","error":"lookup region1.v2.argotunnel.com: i/o timeout","time":"2026-06-23T04:31:58Z","message":"Failed to refresh DNS local resolver"}
{"level":"error","error":"lookup region1.v2.argotunnel.com: i/o timeout","time":"2026-06-23T04:37:03Z","message":"Failed to refresh DNS local resolver"}
{"level":"error","error":"lookup region1.v2.argotunnel.com: i/o timeout","time":"2026-06-23T04:42:08Z","message":"Failed to refresh DNS local resolver"}
{"level":"error","error":"lookup region1.v2.argotunnel.com: i/o timeout","time":"2026-06-23T04:47:13Z","message":"Failed to refresh DNS local resolver"}
{"level":"error","error":"lookup region1.v2.argotunnel.com: i/o timeout","time":"2026-06-23T04:52:18Z","message":"Failed to refresh DNS local resolver"}
{"level":"error","error":"lookup region1.v2.argotunnel.com: i/o timeout","time":"2026-06-23T04:57:23Z","message":"Failed to refresh DNS local resolver"}
{"level":"error","error":"lookup region1.v2.argotunnel.com: i/o timeout","time":"2026-06-23T05:02:27Z","message":"Failed to refresh DNS local resolver"}
{"level":"error","error":"lookup region1.v2.argotunnel.com: i/o timeout","time":"2026-06-23T05:07:32Z","message":"Failed to refresh DNS local resolver"}
{"level":"error","error":"lookup region1.v2.argotunnel.com: i/o timeout","time":"2026-06-23T05:12:37Z","message":"Failed to refresh DNS local resolver"}
{"level":"error","error":"lookup region1.v2.argotunnel.com: i/o timeout","time":"2026-06-23T05:17:42Z","message":"Failed to refresh DNS local resolver"}
{"level":"error","error":"lookup region1.v2.argotunnel.com: i/o timeout","time":"2026-06-23T05:22:47Z","message":"Failed to refresh DNS local resolver"}
{"level":"error","error":"lookup region1.v2.argotunnel.com: i/o timeout","time":"2026-06-23T05:27:52Z","message":"Failed to refresh DNS local resolver"}
{"level":"error","error":"lookup region1.v2.argotunnel.com: i/o timeout","time":"2026-06-23T05:32:57Z","message":"Failed to refresh DNS local resolver"}
{"level":"error","error":"lookup region1.v2.argotunnel.com: i/o timeout","time":"2026-06-23T05:38:02Z","message":"Failed to refresh DNS local resolver"}
{"level":"error","error":"lookup region1.v2.argotunnel.com: i/o timeout","time":"2026-06-23T05:43:07Z","message":"Failed to refresh DNS local resolver"}
{"level":"error","error":"lookup region1.v2.argotunnel.com: i/o timeout","time":"2026-06-23T05:48:12Z","message":"Failed to refresh DNS local resolver"}
{"level":"error","error":"lookup region1.v2.argotunnel.com: i/o timeout","time":"2026-06-23T05:53:17Z","message":"Failed to refresh DNS local resolver"}
{"level":"error","error":"lookup region1.v2.argotunnel.com: i/o timeout","time":"2026-06-23T05:58:22Z","message":"Failed to refresh DNS local resolver"}
{"level":"error","error":"lookup region1.v2.argotunnel.com: i/o timeout","time":"2026-06-23T06:03:27Z","message":"Failed to refresh DNS local resolver"}
{"level":"error","error":"lookup region1.v2.argotunnel.com: i/o timeout","time":"2026-06-23T06:08:32Z","message":"Failed to refresh DNS local resolver"}
{"level":"error","error":"lookup region1.v2.argotunnel.com: i/o timeout","time":"2026-06-23T06:13:37Z","message":"Failed to refresh DNS local resolver"}
{"level":"error","error":"lookup region1.v2.argotunnel.com: i/o timeout","time":"2026-06-23T06:18:42Z","message":"Failed to refresh DNS local resolver"}
{"level":"error","error":"lookup region1.v2.argotunnel.com: i/o timeout","time":"2026-06-23T06:23:47Z","message":"Failed to refresh DNS local resolver"}
{"level":"error","error":"lookup region1.v2.argotunnel.com: i/o timeout","time":"2026-06-23T06:28:52Z","message":"Failed to refresh DNS local resolver"}
{"level":"error","error":"lookup region1.v2.argotunnel.com: i/o timeout","time":"2026-06-23T06:33:57Z","message":"Failed to refresh DNS local resolver"}
{"level":"error","error":"lookup region1.v2.argotunnel.com: i/o timeout","time":"2026-06-23T06:39:02Z","message":"Failed to refresh DNS local resolver"}
{"level":"error","error":"lookup region1.v2.argotunnel.com: i/o timeout","time":"2026-06-23T06:44:07Z","message":"Failed to refresh DNS local resolver"}
{"level":"error","error":"lookup region1.v2.argotunnel.com: i/o timeout","time":"2026-06-23T06:49:12Z","message":"Failed to refresh DNS local resolver"}
{"level":"error","error":"lookup region1.v2.argotunnel.com: i/o timeout","time":"2026-06-23T06:54:18Z","message":"Failed to refresh DNS local resolver"}
{"level":"error","error":"lookup region1.v2.argotunnel.com: i/o timeout","time":"2026-06-23T06:59:23Z","message":"Failed to refresh DNS local resolver"}
{"level":"error","error":"lookup region1.v2.argotunnel.com: i/o timeout","time":"2026-06-23T07:04:28Z","message":"Failed to refresh DNS local resolver"}
{"level":"error","error":"lookup region1.v2.argotunnel.com: i/o timeout","time":"2026-06-23T07:09:33Z","message":"Failed to refresh DNS local resolver"}
{"level":"error","error":"lookup region1.v2.argotunnel.com: i/o timeout","time":"2026-06-23T07:14:38Z","message":"Failed to refresh DNS local resolver"}
{"level":"error","error":"lookup region1.v2.argotunnel.com: i/o timeout","time":"2026-06-23T07:19:43Z","message":"Failed to refresh DNS local resolver"}
{"level":"error","error":"lookup region1.v2.argotunnel.com: i/o timeout","time":"2026-06-23T07:24:48Z","message":"Failed to refresh DNS local resolver"}
{"level":"error","error":"lookup region1.v2.argotunnel.com: i/o timeout","time":"2026-06-23T07:29:53Z","message":"Failed to refresh DNS local resolver"}
{"level":"error","error":"lookup region1.v2.argotunnel.com: i/o timeout","time":"2026-06-23T07:34:58Z","message":"Failed to refresh DNS local resolver"}
{"level":"error","error":"lookup region1.v2.argotunnel.com: i/o timeout","time":"2026-06-23T07:40:03Z","message":"Failed to refresh DNS local resolver"}
{"level":"error","error":"lookup region1.v2.argotunnel.com: i/o timeout","time":"2026-06-23T07:45:08Z","message":"Failed to refresh DNS local resolver"}
{"level":"error","error":"lookup region1.v2.argotunnel.com: i/o timeout","time":"2026-06-23T07:50:13Z","message":"Failed to refresh DNS local resolver"}
{"level":"error","error":"lookup region1.v2.argotunnel.com: i/o timeout","time":"2026-06-23T07:55:18Z","message":"Failed to refresh DNS local resolver"}
{"level":"error","error":"lookup region1.v2.argotunnel.com: i/o timeout","time":"2026-06-23T08:00:23Z","message":"Failed to refresh DNS local resolver"}
{"level":"error","error":"lookup region1.v2.argotunnel.com: i/o timeout","time":"2026-06-23T08:05:28Z","message":"Failed to refresh DNS local resolver"}
{"level":"error","error":"lookup region1.v2.argotunnel.com: i/o timeout","time":"2026-06-23T08:10:33Z","message":"Failed to refresh DNS local resolver"}
{"level":"error","error":"lookup region1.v2.argotunnel.com: i/o timeout","time":"2026-06-23T08:15:38Z","message":"Failed to refresh DNS local resolver"}
{"level":"info","time":"2026-06-23T08:19:12Z","message":"Initiating graceful shutdown due to signal terminated ..."}
{"level":"error","event":0,"ip":"198.41.200.13","connIndex":0,"error":"Application error 0x0 (remote)","time":"2026-06-23T08:19:12Z","message":"failed to run the datagram handler"}
{"level":"error","event":0,"ip":"198.41.200.13","connIndex":0,"error":"accept stream listener encountered a failure while serving","time":"2026-06-23T08:19:12Z","message":"failed to serve tunnel connection"}
{"level":"error","event":0,"ip":"198.41.200.13","connIndex":0,"error":"accept stream listener encountered a failure while serving","time":"2026-06-23T08:19:12Z","message":"Serve tunnel error"}
{"level":"info","event":0,"ip":"198.41.200.13","connIndex":0,"time":"2026-06-23T08:19:12Z","message":"Retrying connection in up to 1s"}
{"level":"error","connIndex":0,"time":"2026-06-23T08:19:12Z","message":"Connection terminated"}
{"level":"error","time":"2026-06-23T08:19:12Z","message":"no more connections active and exiting"}
{"level":"info","time":"2026-06-23T08:19:12Z","message":"Tunnel server stopped"}
{"level":"info","time":"2026-06-23T08:19:12Z","message":"Metrics server stopped"}
